// Jest Snapshot v1, https://goo.gl/fbAQLP

exports[`<DevicesTable /> should handle empty devices list 1`] = `
<div>
  <p
    class="text-muted text-center mb-0"
  >
    No devices added yet.
  </p>
</div>
`;

exports[`<DevicesTable /> should render devices table 1`] = `
<div>
  <div
    class="table-responsive"
  >
    <table
      class="table table-hover"
    >
      <thead
        class="thead-light"
      >
        <tr>
          <th
            scope="col"
          >
            ID
          </th>
          <th
            scope="col"
          >
            Name
          </th>
          <th
            class="text-center"
            scope="col"
          >
            Status
          </th>
          <th
            class="text-center"
            scope="col"
          >
            Managed
          </th>
          <th
            aria-label="Delete"
            class="text-end"
            scope="col"
          />
        </tr>
      </thead>
      <tbody>
        <tr
          class="align-middle text-nowrap"
        >
          <td>
            A1
          </td>
          <td>
            <form
              class="d-flex justify-content-between align-items-center"
            >
              <div
                class="d-inline-block position-static flex-grow-1"
              >
                <input
                  class="bg-transparent border-0 w-100"
                  maxlength="30"
                  placeholder="Custom name"
                  readonly=""
                  style="min-width: 15rem;"
                  type="text"
                  value="A"
                />
              </div>
              <button
                class="btn btn-link mb-0 d-inline-flex justify-content-center align-items-center"
                title="Edit name"
                type="button"
              >
                <span>
                  <i
                    class="fa"
                  />
                </span>
              </button>
            </form>
          </td>
          <td
            class="text-center"
          >
            <i
              class="fa"
            />
          </td>
          <td
            class="text-center"
          >
            <div
              class="d-inline-block mb-0 form-check"
            >
              <input
                checked=""
                class="form-check-input"
                id="1"
                type="checkbox"
              />
              <label
                class="form-check-label"
                for="1"
              >
                Yes
              </label>
            </div>
          </td>
          <td
            class="text-end"
          >
            <button
              class="btn btn-sm btn-danger d-inline-flex justify-content-center align-items-center"
              type="button"
            >
              <span>
                <span
                  class="d-xl-none"
                >
                  <i
                    class="fa"
                  />
                </span>
                <span
                  class="d-none d-xl-block"
                >
                  <i
                    class="fa"
                  />
                  Delete
                </span>
              </span>
            </button>
          </td>
        </tr>
        <tr
          class="align-middle text-nowrap"
        >
          <td>
            A2
          </td>
          <td>
            <form
              class="d-flex justify-content-between align-items-center"
            >
              <div
                class="d-inline-block position-static flex-grow-1"
              >
                <input
                  class="bg-transparent border-0 w-100"
                  maxlength="30"
                  placeholder="Custom name"
                  readonly=""
                  style="min-width: 15rem;"
                  type="text"
                  value="A"
                />
              </div>
              <button
                class="btn btn-link mb-0 d-inline-flex justify-content-center align-items-center"
                title="Edit name"
                type="button"
              >
                <span>
                  <i
                    class="fa"
                  />
                </span>
              </button>
            </form>
          </td>
          <td
            class="text-center"
          >
            <i
              class="fa"
            />
          </td>
          <td
            class="text-center"
          >
            <div
              class="d-inline-block mb-0 form-check"
            >
              <input
                class="form-check-input"
                id="2"
                type="checkbox"
              />
              <label
                class="form-check-label"
                for="2"
              >
                No
              </label>
            </div>
          </td>
          <td
            class="text-end"
          >
            <button
              class="btn btn-sm btn-danger d-inline-flex justify-content-center align-items-center"
              type="button"
            >
              <span>
                <span
                  class="d-xl-none"
                >
                  <i
                    class="fa"
                  />
                </span>
                <span
                  class="d-none d-xl-block"
                >
                  <i
                    class="fa"
                  />
                  Delete
                </span>
              </span>
            </button>
          </td>
        </tr>
        <tr
          class="align-middle text-nowrap"
        >
          <td>
            B1
          </td>
          <td>
            <form
              class="d-flex justify-content-between align-items-center"
            >
              <div
                class="d-inline-block position-static flex-grow-1"
              >
                <input
                  class="bg-transparent border-0 w-100"
                  maxlength="30"
                  placeholder="Custom name"
                  readonly=""
                  style="min-width: 15rem;"
                  type="text"
                  value="B"
                />
              </div>
              <button
                class="btn btn-link mb-0 d-inline-flex justify-content-center align-items-center"
                title="Edit name"
                type="button"
              >
                <span>
                  <i
                    class="fa"
                  />
                </span>
              </button>
            </form>
          </td>
          <td
            class="text-center"
          >
            <i
              class="fa"
            />
          </td>
          <td
            class="text-center"
          >
            <div
              class="d-inline-block mb-0 form-check"
            >
              <input
                checked=""
                class="form-check-input"
                id="3"
                type="checkbox"
              />
              <label
                class="form-check-label"
                for="3"
              >
                Yes
              </label>
            </div>
          </td>
          <td
            class="text-end"
          >
            <button
              class="btn btn-sm btn-danger d-inline-flex justify-content-center align-items-center"
              type="button"
            >
              <span>
                <span
                  class="d-xl-none"
                >
                  <i
                    class="fa"
                  />
                </span>
                <span
                  class="d-none d-xl-block"
                >
                  <i
                    class="fa"
                  />
                  Delete
                </span>
              </span>
            </button>
          </td>
        </tr>
        <tr
          class="align-middle text-nowrap"
        >
          <td>
            B2
          </td>
          <td>
            <form
              class="d-flex justify-content-between align-items-center"
            >
              <div
                class="d-inline-block position-static flex-grow-1"
              >
                <input
                  class="bg-transparent border-0 w-100"
                  maxlength="30"
                  placeholder="Custom name"
                  readonly=""
                  style="min-width: 15rem;"
                  type="text"
                  value="B"
                />
              </div>
              <button
                class="btn btn-link mb-0 d-inline-flex justify-content-center align-items-center"
                title="Edit name"
                type="button"
              >
                <span>
                  <i
                    class="fa"
                  />
                </span>
              </button>
            </form>
          </td>
          <td
            class="text-center"
          >
            <i
              class="fa"
            />
          </td>
          <td
            class="text-center"
          >
            <div
              class="d-inline-block mb-0 form-check"
            >
              <input
                class="form-check-input"
                id="4"
                type="checkbox"
              />
              <label
                class="form-check-label"
                for="4"
              >
                No
              </label>
            </div>
          </td>
          <td
            class="text-end"
          >
            <button
              class="btn btn-sm btn-danger d-inline-flex justify-content-center align-items-center"
              type="button"
            >
              <span>
                <span
                  class="d-xl-none"
                >
                  <i
                    class="fa"
                  />
                </span>
                <span
                  class="d-none d-xl-block"
                >
                  <i
                    class="fa"
                  />
                  Delete
                </span>
              </span>
            </button>
          </td>
        </tr>
      </tbody>
    </table>
  </div>
</div>
`;
