// Jest Snapshot v1, https://goo.gl/fbAQLP

exports[`<DevicesTable /> should handle empty devices list 1`] = `
<div>
  <p
    class="text-muted text-center"
  >
    No devices added yet.
  </p>
</div>
`;

exports[`<DevicesTable /> should render devices table 1`] = `
<div>
  <div
    class="table-responsive pb-2"
  >
    <table
      class="table table-hover devices-table"
    >
      <thead
        class="thead-light"
      >
        <tr>
          <th
            scope="col"
          >
            ID
          </th>
          <th
            scope="col"
          >
            Name
          </th>
          <th
            class="text-center"
            scope="col"
          >
            Status
          </th>
          <th
            class="text-center"
            scope="col"
          >
            Managed
          </th>
          <th
            aria-label="Delete"
            class="text-right"
            scope="col"
          />
        </tr>
      </thead>
      <tbody>
        <tr>
          <td>
            A1
          </td>
          <td
            class="editable-name"
          >
            <form
              class="editable-name-form"
            >
              <div
                class="editable-name-input-wrapper"
              >
                <input
                  class="editable-name-input-disabled"
                  maxlength="30"
                  placeholder="Custom name"
                  readonly=""
                  type="text"
                  value="A"
                />
              </div>
              <button
                class="btn btn-link"
                title="Edit name"
                type="button"
              >
                <i
                  class="fa fa-edit text-muted"
                />
              </button>
            </form>
          </td>
          <td
            class="text-center"
          >
            <span>
              <i
                class="fa fa-lg fa-question-circle text-warning"
                title="Unknown status"
              />
            </span>
          </td>
          <td
            class="text-center"
          >
            <div
              class="custom-control custom-switch"
            >
              <input
                checked=""
                class="custom-control-input"
                id="toggle-A1"
                type="checkbox"
              />
              <label
                class="custom-control-label"
                for="toggle-A1"
              >
                Yes
              </label>
            </div>
          </td>
          <td>
            <button
              class="btn btn-sm btn-danger"
              type="button"
            >
              <i
                class="fa fa-trash-alt mr-2 devices-table-delete-icon"
              />
              Delete
            </button>
          </td>
        </tr>
        <tr>
          <td>
            A2
          </td>
          <td
            class="editable-name"
          >
            <form
              class="editable-name-form"
            >
              <div
                class="editable-name-input-wrapper"
              >
                <input
                  class="editable-name-input-disabled"
                  maxlength="30"
                  placeholder="Custom name"
                  readonly=""
                  type="text"
                  value="A"
                />
              </div>
              <button
                class="btn btn-link"
                title="Edit name"
                type="button"
              >
                <i
                  class="fa fa-edit text-muted"
                />
              </button>
            </form>
          </td>
          <td
            class="text-center"
          >
            <span>
              <i
                class="fa fa-lg fa-question-circle text-warning"
                title="Unknown status"
              />
            </span>
          </td>
          <td
            class="text-center"
          >
            <div
              class="custom-control custom-switch"
            >
              <input
                class="custom-control-input"
                id="toggle-A2"
                type="checkbox"
              />
              <label
                class="custom-control-label"
                for="toggle-A2"
              >
                No
              </label>
            </div>
          </td>
          <td>
            <button
              class="btn btn-sm btn-danger"
              type="button"
            >
              <i
                class="fa fa-trash-alt mr-2 devices-table-delete-icon"
              />
              Delete
            </button>
          </td>
        </tr>
        <tr>
          <td>
            B1
          </td>
          <td
            class="editable-name"
          >
            <form
              class="editable-name-form"
            >
              <div
                class="editable-name-input-wrapper"
              >
                <input
                  class="editable-name-input-disabled"
                  maxlength="30"
                  placeholder="Custom name"
                  readonly=""
                  type="text"
                  value="B"
                />
              </div>
              <button
                class="btn btn-link"
                title="Edit name"
                type="button"
              >
                <i
                  class="fa fa-edit text-muted"
                />
              </button>
            </form>
          </td>
          <td
            class="text-center"
          >
            <span>
              <i
                class="fa fa-lg fa-question-circle text-warning"
                title="Unknown status"
              />
            </span>
          </td>
          <td
            class="text-center"
          >
            <div
              class="custom-control custom-switch"
            >
              <input
                checked=""
                class="custom-control-input"
                id="toggle-B1"
                type="checkbox"
              />
              <label
                class="custom-control-label"
                for="toggle-B1"
              >
                Yes
              </label>
            </div>
          </td>
          <td>
            <button
              class="btn btn-sm btn-danger"
              type="button"
            >
              <i
                class="fa fa-trash-alt mr-2 devices-table-delete-icon"
              />
              Delete
            </button>
          </td>
        </tr>
        <tr>
          <td>
            B2
          </td>
          <td
            class="editable-name"
          >
            <form
              class="editable-name-form"
            >
              <div
                class="editable-name-input-wrapper"
              >
                <input
                  class="editable-name-input-disabled"
                  maxlength="30"
                  placeholder="Custom name"
                  readonly=""
                  type="text"
                  value="B"
                />
              </div>
              <button
                class="btn btn-link"
                title="Edit name"
                type="button"
              >
                <i
                  class="fa fa-edit text-muted"
                />
              </button>
            </form>
          </td>
          <td
            class="text-center"
          >
            <span>
              <i
                class="fa fa-lg fa-question-circle text-warning"
                title="Unknown status"
              />
            </span>
          </td>
          <td
            class="text-center"
          >
            <div
              class="custom-control custom-switch"
            >
              <input
                class="custom-control-input"
                id="toggle-B2"
                type="checkbox"
              />
              <label
                class="custom-control-label"
                for="toggle-B2"
              >
                No
              </label>
            </div>
          </td>
          <td>
            <button
              class="btn btn-sm btn-danger"
              type="button"
            >
              <i
                class="fa fa-trash-alt mr-2 devices-table-delete-icon"
              />
              Delete
            </button>
          </td>
        </tr>
      </tbody>
    </table>
  </div>
</div>
`;
