// Jest Snapshot v1, https://goo.gl/fbAQLP

exports[`<Devices /> should render spinner 1`] = `
<div>
  <h3>
    Devices
  </h3>
  <div
    class="spinner-wrapper my-3 text-center"
  >
    <div
      class="spinner-border"
      role="status"
    >
      <span
        class="sr-only"
      />
    </div>
  </div>
</div>
`;

exports[`<Devices /> should render table 1`] = `
<div>
  <h3>
    Devices
  </h3>
  <table
    class="table table-hover"
  >
    <thead>
      <tr>
        <th
          scope="col"
        >
          ID
        </th>
        <th
          scope="col"
        >
          Access
        </th>
        <th
          aria-label="Delete"
          scope="col"
        />
      </tr>
    </thead>
    <tbody>
      <tr>
        <td
          class="align-middle"
        >
          A1
        </td>
        <td
          class="align-middle"
        >
          Enabled
        </td>
        <td>
          <button
            class="btn btn-sm btn-danger"
            type="button"
          >
             
             
            <i
              class="fa fa-trash-alt mr-2"
            />
            Delete
          </button>
        </td>
      </tr>
      <tr>
        <td
          class="align-middle"
        >
          A2
        </td>
        <td
          class="align-middle"
        >
          Disabled
        </td>
        <td>
          <button
            class="btn btn-sm btn-danger"
            type="button"
          >
             
             
            <i
              class="fa fa-trash-alt mr-2"
            />
            Delete
          </button>
        </td>
      </tr>
      <tr>
        <td
          class="align-middle"
        >
          B1
        </td>
        <td
          class="align-middle"
        >
          Enabled
        </td>
        <td>
          <button
            class="btn btn-sm btn-danger"
            type="button"
          >
             
             
            <i
              class="fa fa-trash-alt mr-2"
            />
            Delete
          </button>
        </td>
      </tr>
      <tr>
        <td
          class="align-middle"
        >
          B2
        </td>
        <td
          class="align-middle"
        >
          Disabled
        </td>
        <td>
          <button
            class="btn btn-sm btn-danger"
            type="button"
          >
             
             
            <i
              class="fa fa-trash-alt mr-2"
            />
            Delete
          </button>
        </td>
      </tr>
    </tbody>
  </table>
</div>
`;
